\BOOKMARK [1][-]{section.1}{\376\377\123\125\162\107\147\072\000\040\000E\000S\000P\0003\0002\000-\000S\0003\000\040\173\200\116\313}{}% 1
\BOOKMARK [2][-]{subsection.1.1}{\376\377\170\154\116\366\213\276\213\241\123\237\164\006\126\376}{section.1}% 2
\BOOKMARK [2][-]{subsection.1.2}{\376\377\000M\000C\000U\000\040\116\313\176\315}{section.1}% 3
\BOOKMARK [3][-]{subsubsection.1.2.1}{\376\377\174\373\176\337}{subsection.1.2}% 4
\BOOKMARK [3][-]{subsubsection.1.2.2}{\376\377\131\026\213\276}{subsection.1.2}% 5
\BOOKMARK [2][-]{subsection.1.3}{\376\377\000O\000V\0002\0006\0004\0000\000\040\144\104\120\317\131\064}{section.1}% 6
\BOOKMARK [1][-]{section.2}{\376\377\213\276\213\241\140\035\215\357}{}% 7
\BOOKMARK [2][-]{subsection.2.1}{\376\377\145\271\150\110\226\317\137\142}{section.2}% 8
\BOOKMARK [2][-]{subsection.2.2}{\376\377\122\035\162\110\145\271\150\110}{section.2}% 9
\BOOKMARK [2][-]{subsection.2.3}{\376\377\176\310\162\110\145\271\150\110}{section.2}% 10
\BOOKMARK [1][-]{section.3}{\376\377\213\276\213\241\122\237\200\375\160\271}{}% 11
\BOOKMARK [2][-]{subsection.3.1}{\376\377\145\271\150\110\226\317\137\142}{section.3}% 12
\BOOKMARK [2][-]{subsection.3.2}{\376\377\122\035\162\110\145\271\150\110}{section.3}% 13
\BOOKMARK [2][-]{subsection.3.3}{\376\377\176\310\162\110\145\271\150\110}{section.3}% 14
\BOOKMARK [1][-]{section.4}{\376\377\217\157\116\366\213\276\213\241}{}% 15
\BOOKMARK [2][-]{subsection.4.1}{\376\377\145\271\150\110\226\317\137\142}{section.4}% 16
\BOOKMARK [2][-]{subsection.4.2}{\376\377\122\035\162\110\145\271\150\110}{section.4}% 17
\BOOKMARK [2][-]{subsection.4.3}{\376\377\176\310\162\110\145\271\150\110}{section.4}% 18
\BOOKMARK [1][-]{section.5}{\376\377\217\320\210\114\145\110\147\234}{}% 19
\BOOKMARK [2][-]{subsection.5.1}{\376\377\122\035\162\110\145\271\150\110}{section.5}% 20
\BOOKMARK [2][-]{subsection.5.2}{\376\377\176\310\162\110\145\271\150\110}{section.5}% 21
